ADC missing; using deep-translator Google endpoint
Using deep-translator Google endpoint (fallback)
Need to translate 0 unique strings (cache hits for rest)
Need to translate 5765 unique strings (cache hits for rest)
  progress cache=166
  progress cache=206
  progress cache=246
  progress cache=286
  progress cache=326
  progress cache=366
  progress cache=406
  progress cache=446
  progress cache=486
  progress cache=526
  progress cache=566
  progress cache=606
  progress cache=646
  progress cache=686
  progress cache=726
  progress cache=766
  progress cache=806
  progress cache=846
  progress cache=886
  progress cache=926
  progress cache=966
  progress cache=1006
  progress cache=1046
  progress cache=1086
  progress cache=1126
  progress cache=1166
  progress cache=1206
  progress cache=1246
  progress cache=1286
  progress cache=1326
  progress cache=1366
  progress cache=1406
  progress cache=1446
  progress cache=1486
  progress cache=1526
  progress cache=1566
  progress cache=1606
  progress cache=1646
  progress cache=1686
  progress cache=1726
  progress cache=1766
  progress cache=1806
  progress cache=1846
  progress cache=1886
  progress cache=1926
  progress cache=1966
  progress cache=2006
  progress cache=2046
  progress cache=2086
  progress cache=2126
  progress cache=2166
  progress cache=2206
  progress cache=2246
  progress cache=2286
  progress cache=2326
  progress cache=2366
  progress cache=2406
  progress cache=2446
  progress cache=2486
  progress cache=2526
  progress cache=2566
  progress cache=2606
  progress cache=2646
  progress cache=2686
  progress cache=2726
  progress cache=2766
  progress cache=2806
  progress cache=2846
  progress cache=2886
  progress cache=2926
  progress cache=2966
  progress cache=3006
  progress cache=3046
  progress cache=3086
  progress cache=3126
  progress cache=3166
  progress cache=3206
  progress cache=3246
  progress cache=3286
  progress cache=3326
  progress cache=3366
  progress cache=3406
  progress cache=3446
  progress cache=3486
  progress cache=3526
  progress cache=3566
  progress cache=3606
  progress cache=3646
  progress cache=3686
  progress cache=3726
  progress cache=3766
  progress cache=3806
  progress cache=3846
  progress cache=3886
  progress cache=3926
  progress cache=3966
  progress cache=4006
  progress cache=4046
  progress cache=4086
  progress cache=4126
  progress cache=4166
  progress cache=4206
  progress cache=4246
  progress cache=4286
  progress cache=4326
  progress cache=4366
  progress cache=4406
  progress cache=4446
  progress cache=4486
  progress cache=4526
  progress cache=4566
  progress cache=4606
  progress cache=4646
  progress cache=4686
  progress cache=4726
  progress cache=4766
  progress cache=4806
  progress cache=4846
  progress cache=4886
  progress cache=4926
  progress cache=4966
  progress cache=5006
  progress cache=5046
  progress cache=5086
  progress cache=5126
  progress cache=5166
  progress cache=5206
  progress cache=5246
  progress cache=5286
  progress cache=5326
  progress cache=5366
  progress cache=5406
  progress cache=5446
  progress cache=5486
  progress cache=5526
  progress cache=5566
  progress cache=5606
  progress cache=5646
  progress cache=5686
  progress cache=5726
  progress cache=5766
  progress cache=5806
  progress cache=5846
  progress cache=5886
updated questions-bank.json: 720 questions
updated questions.json: 200 questions
updated questions.json: 50 questions
wrote site_web/translation-report.json
Done
EXIT:0
